../Core/Src/main.c:133:6:Light_LED	8	static
../Core/Src/main.c:167:6:Tf_LED	8	static
../Core/Src/main.c:180:5:main	8	static
../Core/Src/main.c:289:6:SystemClock_Config	88	static
../Core/Src/main.c:336:13:MX_ADC1_Init	24	static
../Core/Src/main.c:383:13:MX_I2C1_Init	8	static
../Core/Src/main.c:417:13:MX_USART1_UART_Init	8	static
../Core/Src/main.c:450:13:MX_GPIO_Init	40	static
../Core/Src/main.c:501:6:Menu_Display	72	static
../Core/Src/main.c:520:6:StartDefaultTask	16	static
../Core/Src/main.c:538:6:pickButton	16	static
../Core/Src/main.c:564:6:getADC	16	static
../Core/Src/main.c:591:6:dispOLED	16	static
../Core/Src/main.c:624:6:dispUART	40	static
../Core/Src/main.c:679:6:HAL_TIM_PeriodElapsedCallback	16	static
../Core/Src/main.c:696:6:Error_Handler	4	static,ignoring_inline_asm
